CMD: bash /inspire/qb-ilm/project/cq-scientific-cooperation-zone/ky26023/meta-harness-evolver/project/project-1/harness_run_script.sh /inspire/qb-ilm/project/cq-scientific-cooperation-zone/ky26023/meta-harness-evolver/project/project-1/hoss-evolution/candidates/candidate_1
EXIT_CODE: 0
STDOUT:
Loading ESM...
Encoding sequences...
Parsing CIF...
Training...
Epoch 0: loss=0.3147
Epoch 1: loss=0.1845
Epoch 2: loss=0.0910
Epoch 3: loss=0.0321
Epoch 4: loss=0.0052
Epoch 5: loss=0.0025
Epoch 6: loss=0.0142
Epoch 7: loss=0.0293
Epoch 8: loss=0.0390
Epoch 9: loss=0.0407
Epoch 10: loss=0.0357
Epoch 11: loss=0.0269
Epoch 12: loss=0.0172
Epoch 13: loss=0.0090
Epoch 14: loss=0.0036
Epoch 15: loss=0.0014
Epoch 16: loss=0.0015
Epoch 17: loss=0.0033
Epoch 18: loss=0.0058
Epoch 19: loss=0.0082
Epoch 20: loss=0.0098
Epoch 21: loss=0.0103
Epoch 22: loss=0.0098
Epoch 23: loss=0.0085
Epoch 24: loss=0.0066
Epoch 25: loss=0.0047
Epoch 26: loss=0.0030
Epoch 27: loss=0.0018
Epoch 28: loss=0.0012
Epoch 29: loss=0.0013
Epoch 30: loss=0.0018
Epoch 31: loss=0.0025
Epoch 32: loss=0.0032
Epoch 33: loss=0.0036
Epoch 34: loss=0.0037
Epoch 35: loss=0.0034
Epoch 36: loss=0.0029
Epoch 37: loss=0.0023
Epoch 38: loss=0.0018
Epoch 39: loss=0.0014
Epoch 40: loss=0.0012
Epoch 41: loss=0.0012
Epoch 42: loss=0.0014
Epoch 43: loss=0.0016
Epoch 44: loss=0.0018
Epoch 45: loss=0.0019
Epoch 46: loss=0.0019
Epoch 47: loss=0.0018
Epoch 48: loss=0.0017
Epoch 49: loss=0.0015
Model saved to /inspire/qb-ilm/project/cq-scientific-cooperation-zone/ky26023/meta-harness-evolver/project/project-1/hoss-evolution/candidates/candidate_1/harness/iptm_model.pt
Metrics saved to /inspire/qb-ilm/project/cq-scientific-cooperation-zone/ky26023/meta-harness-evolver/project/project-1/hoss-evolution/candidates/candidate_1/harness/outputs/metrics.json

STDERR:
