CMD: bash /inspire/qb-ilm/project/cq-scientific-cooperation-zone/ky26023/meta-harness-evolver/project/project-1/harness_run_script.sh /inspire/qb-ilm/project/cq-scientific-cooperation-zone/ky26023/meta-harness-evolver/project/project-1/hoss-evolution/candidates/candidate_0
EXIT_CODE: 0
STDOUT:
Loading ESM...
Downloading: "https://dl.fbaipublicfiles.com/fair-esm/models/esm2_t6_8M_UR50D.pt" to /root/.cache/torch/hub/checkpoints/esm2_t6_8M_UR50D.pt
Downloading: "https://dl.fbaipublicfiles.com/fair-esm/regression/esm2_t6_8M_UR50D-contact-regression.pt" to /root/.cache/torch/hub/checkpoints/esm2_t6_8M_UR50D-contact-regression.pt
Encoding sequences...
Parsing CIF...
Training...
Epoch 0: loss=0.2227
Epoch 1: loss=0.1052
Epoch 2: loss=0.0319
Epoch 3: loss=0.0032
Epoch 4: loss=0.0055
Epoch 5: loss=0.0226
Epoch 6: loss=0.0366
Epoch 7: loss=0.0394
Epoch 8: loss=0.0328
Epoch 9: loss=0.0217
Epoch 10: loss=0.0110
Epoch 11: loss=0.0038
Epoch 12: loss=0.0012
Epoch 13: loss=0.0024
Epoch 14: loss=0.0054
Epoch 15: loss=0.0086
Epoch 16: loss=0.0107
Epoch 17: loss=0.0113
Epoch 18: loss=0.0104
Epoch 19: loss=0.0084
Epoch 20: loss=0.0059
Epoch 21: loss=0.0036
Epoch 22: loss=0.0019
Epoch 23: loss=0.0012
Epoch 24: loss=0.0014
Epoch 25: loss=0.0022
Epoch 26: loss=0.0033
Epoch 27: loss=0.0041
Epoch 28: loss=0.0044
Epoch 29: loss=0.0042
Epoch 30: loss=0.0035
Epoch 31: loss=0.0026
Epoch 32: loss=0.0018
Epoch 33: loss=0.0013
Epoch 34: loss=0.0012
Epoch 35: loss=0.0013
Epoch 36: loss=0.0017
Epoch 37: loss=0.0020
Epoch 38: loss=0.0022
Epoch 39: loss=0.0023
Epoch 40: loss=0.0021
Epoch 41: loss=0.0018
Epoch 42: loss=0.0015
Epoch 43: loss=0.0013
Epoch 44: loss=0.0012
Epoch 45: loss=0.0012
Epoch 46: loss=0.0013
Epoch 47: loss=0.0014
Epoch 48: loss=0.0015
Epoch 49: loss=0.0016
Model saved to /inspire/qb-ilm/project/cq-scientific-cooperation-zone/ky26023/meta-harness-evolver/project/project-1/hoss-evolution/candidates/candidate_0/harness/iptm_model.pt

STDERR:
